[VMEM] WARNING: physical memory size is smaller than virtual memory size.
WARNING: option --warmup_instructions is deprecated. Use --warmup-instructions instead.
WARNING: option --simulation_instructions is deprecated. Use --simulation-instructions instead.

*** ChampSim Multicore Out-of-Order Simulator ***
Warmup Instructions: 20000000
Simulation Instructions: 20000000
Number of CPUs: 1
Page size: 4096

Off-chip DRAM Size: 16 GiB Channels: 1 Width: 64-bit Data Rate: 3205 MT/s
Heartbeat CPU 0 instructions: 10000001 cycles: 10717607 heartbeat IPC: 0.933 cumulative IPC: 0.933 (Simulation time: 00 hr 01 min 37 sec)
Heartbeat CPU 0 instructions: 20000003 cycles: 21432141 heartbeat IPC: 0.9333 cumulative IPC: 0.9332 (Simulation time: 00 hr 03 min 08 sec)
Warmup finished CPU 0 instructions: 20000003 cycles: 21432141 cumulative IPC: 0.9332 (Simulation time: 00 hr 03 min 08 sec)
Warmup complete CPU 0 instructions: 20000003 cycles: 21432141 cumulative IPC: 0.9332 (Simulation time: 00 hr 03 min 08 sec)
Heartbeat CPU 0 instructions: 30000007 cycles: 33149970 heartbeat IPC: 0.8534 cumulative IPC: 0.8534 (Simulation time: 00 hr 04 min 25 sec)
Simulation finished CPU 0 instructions: 20000001 cycles: 23393357 cumulative IPC: 0.8549 (Simulation time: 00 hr 05 min 40 sec)
Simulation complete CPU 0 instructions: 20000001 cycles: 23393357 cumulative IPC: 0.8549 (Simulation time: 00 hr 05 min 40 sec)

ChampSim completed all CPUs

=== Simulation ===
CPU 0 runs traces/456.hmmer-191B.champsimtrace.xz

Region of Interest Statistics

CPU 0 cumulative IPC: 0.8549 instructions: 20000001 cycles: 23393357
CPU 0 Branch Prediction Accuracy: 99.59% MPKI: 0.1805 Average ROB Occupancy at Mispredict: 191.2
Branch type MPKI
BRANCH_DIRECT_JUMP: 0.00295
BRANCH_INDIRECT: 0.001
BRANCH_CONDITIONAL: 0.1684
BRANCH_DIRECT_CALL: 0.00395
BRANCH_INDIRECT_CALL: 0.00015
BRANCH_RETURN: 0.004

cpu0->LLC TOTAL        ACCESS:     109714 HIT:      54395 MISS:      55319 MISS_MERGE:          0
cpu0->LLC LOAD         ACCESS:       2999 HIT:        914 MISS:       2085 MISS_MERGE:          0
cpu0->LLC RFO          ACCESS:      53270 HIT:        361 MISS:      52909 MISS_MERGE:          0
cpu0->LLC PREFETCH     ACCESS:          0 HIT:          0 MISS:          0 MISS_MERGE:          0
cpu0->LLC WRITE        ACCESS:      53363 HIT:      53114 MISS:        249 MISS_MERGE:          0
cpu0->LLC TRANSLATION  ACCESS:         82 HIT:          6 MISS:         76 MISS_MERGE:          0
cpu0->LLC PREFETCH REQUESTED:          0 ISSUED:          0 USEFUL:          0 USELESS:          0
cpu0->LLC AVERAGE MISS LATENCY: 183.3 cycles
cpu0->cpu0_DTLB TOTAL        ACCESS:   10684320 HIT:   10679957 MISS:       4363 MISS_MERGE:       3171
cpu0->cpu0_DTLB LOAD         ACCESS:   10684320 HIT:   10679957 MISS:       4363 MISS_MERGE:       3171
cpu0->cpu0_DTLB RFO          ACCESS:          0 HIT:          0 MISS:          0 MISS_MERGE:          0
cpu0->cpu0_DTLB PREFETCH     ACCESS:          0 HIT:          0 MISS:          0 MISS_MERGE:          0
cpu0->cpu0_DTLB WRITE        ACCESS:          0 HIT:          0 MISS:          0 MISS_MERGE:          0
cpu0->cpu0_DTLB TRANSLATION  ACCESS:          0 HIT:          0 MISS:          0 MISS_MERGE:          0
cpu0->cpu0_DTLB PREFETCH REQUESTED:          0 ISSUED:          0 USEFUL:          0 USELESS:          0
cpu0->cpu0_DTLB AVERAGE MISS LATENCY: 80.74 cycles
cpu0->cpu0_ITLB TOTAL        ACCESS:    5308476 HIT:    5308416 MISS:         60 MISS_MERGE:         28
cpu0->cpu0_ITLB LOAD         ACCESS:    5308476 HIT:    5308416 MISS:         60 MISS_MERGE:         28
cpu0->cpu0_ITLB RFO          ACCESS:          0 HIT:          0 MISS:          0 MISS_MERGE:          0
cpu0->cpu0_ITLB PREFETCH     ACCESS:          0 HIT:          0 MISS:          0 MISS_MERGE:          0
cpu0->cpu0_ITLB WRITE        ACCESS:          0 HIT:          0 MISS:          0 MISS_MERGE:          0
cpu0->cpu0_ITLB TRANSLATION  ACCESS:          0 HIT:          0 MISS:          0 MISS_MERGE:          0
cpu0->cpu0_ITLB PREFETCH REQUESTED:          0 ISSUED:          0 USEFUL:          0 USELESS:          0
cpu0->cpu0_ITLB AVERAGE MISS LATENCY: 291 cycles
cpu0->cpu0_L1D TOTAL        ACCESS:   10685103 HIT:   10147021 MISS:     538082 MISS_MERGE:     468388
cpu0->cpu0_L1D LOAD         ACCESS:    7872351 HIT:    7852705 MISS:      19646 MISS_MERGE:       3353
cpu0->cpu0_L1D RFO          ACCESS:          0 HIT:          0 MISS:          0 MISS_MERGE:          0
cpu0->cpu0_L1D PREFETCH     ACCESS:          0 HIT:          0 MISS:          0 MISS_MERGE:          0
cpu0->cpu0_L1D WRITE        ACCESS:    2811972 HIT:    2293623 MISS:     518349 MISS_MERGE:     465035
cpu0->cpu0_L1D TRANSLATION  ACCESS:        780 HIT:        693 MISS:         87 MISS_MERGE:          0
cpu0->cpu0_L1D PREFETCH REQUESTED:          0 ISSUED:          0 USEFUL:          0 USELESS:          0
cpu0->cpu0_L1D AVERAGE MISS LATENCY: 162.8 cycles
cpu0->cpu0_L1I TOTAL        ACCESS:    5341339 HIT:    5340989 MISS:        350 MISS_MERGE:         38
cpu0->cpu0_L1I LOAD         ACCESS:    5341339 HIT:    5340989 MISS:        350 MISS_MERGE:         38
cpu0->cpu0_L1I RFO          ACCESS:          0 HIT:          0 MISS:          0 MISS_MERGE:          0
cpu0->cpu0_L1I PREFETCH     ACCESS:          0 HIT:          0 MISS:          0 MISS_MERGE:          0
cpu0->cpu0_L1I WRITE        ACCESS:          0 HIT:          0 MISS:          0 MISS_MERGE:          0
cpu0->cpu0_L1I TRANSLATION  ACCESS:          0 HIT:          0 MISS:          0 MISS_MERGE:          0
cpu0->cpu0_L1I PREFETCH REQUESTED:          0 ISSUED:          0 USEFUL:          0 USELESS:          0
cpu0->cpu0_L1I AVERAGE MISS LATENCY: 216.6 cycles
cpu0->cpu0_L2C TOTAL        ACCESS:     123280 HIT:      66926 MISS:      56354 MISS_MERGE:          0
cpu0->cpu0_L2C LOAD         ACCESS:      16605 HIT:      13606 MISS:       2999 MISS_MERGE:          0
cpu0->cpu0_L2C RFO          ACCESS:      53314 HIT:         44 MISS:      53270 MISS_MERGE:          0
cpu0->cpu0_L2C PREFETCH     ACCESS:          0 HIT:          0 MISS:          0 MISS_MERGE:          0
cpu0->cpu0_L2C WRITE        ACCESS:      53274 HIT:      53271 MISS:          3 MISS_MERGE:          0
cpu0->cpu0_L2C TRANSLATION  ACCESS:         87 HIT:          5 MISS:         82 MISS_MERGE:          0
cpu0->cpu0_L2C PREFETCH REQUESTED:          0 ISSUED:          0 USEFUL:          0 USELESS:          0
cpu0->cpu0_L2C AVERAGE MISS LATENCY: 192.8 cycles
cpu0->cpu0_STLB TOTAL        ACCESS:       1224 HIT:        835 MISS:        389 MISS_MERGE:          0
cpu0->cpu0_STLB LOAD         ACCESS:       1224 HIT:        835 MISS:        389 MISS_MERGE:          0
cpu0->cpu0_STLB RFO          ACCESS:          0 HIT:          0 MISS:          0 MISS_MERGE:          0
cpu0->cpu0_STLB PREFETCH     ACCESS:          0 HIT:          0 MISS:          0 MISS_MERGE:          0
cpu0->cpu0_STLB WRITE        ACCESS:          0 HIT:          0 MISS:          0 MISS_MERGE:          0
cpu0->cpu0_STLB TRANSLATION  ACCESS:          0 HIT:          0 MISS:          0 MISS_MERGE:          0
cpu0->cpu0_STLB PREFETCH REQUESTED:          0 ISSUED:          0 USEFUL:          0 USELESS:          0
cpu0->cpu0_STLB AVERAGE MISS LATENCY: 257.8 cycles

DRAM Statistics

Channel 0 RQ ROW_BUFFER_HIT:          1
  ROW_BUFFER_MISS:      55069
  AVG DBUS CONGESTED CYCLE: 5.17
Channel 0 WQ ROW_BUFFER_HIT:        875
  ROW_BUFFER_MISS:      51400
  FULL:          0
Channel 0 REFRESHES ISSUED:       1949
