[VMEM] WARNING: physical memory size is smaller than virtual memory size.
WARNING: option --warmup_instructions is deprecated. Use --warmup-instructions instead.
WARNING: option --simulation_instructions is deprecated. Use --simulation-instructions instead.

*** ChampSim Multicore Out-of-Order Simulator ***
Warmup Instructions: 20000000
Simulation Instructions: 20000000
Number of CPUs: 1
Page size: 4096

Off-chip DRAM Size: 16 GiB Channels: 1 Width: 64-bit Data Rate: 3205 MT/s
Heartbeat CPU 0 instructions: 10000001 cycles: 10717607 heartbeat IPC: 0.933 cumulative IPC: 0.933 (Simulation time: 00 hr 01 min 37 sec)
Heartbeat CPU 0 instructions: 20000003 cycles: 21432141 heartbeat IPC: 0.9333 cumulative IPC: 0.9332 (Simulation time: 00 hr 03 min 10 sec)
Warmup finished CPU 0 instructions: 20000003 cycles: 21432141 cumulative IPC: 0.9332 (Simulation time: 00 hr 03 min 10 sec)
Warmup complete CPU 0 instructions: 20000003 cycles: 21432141 cumulative IPC: 0.9332 (Simulation time: 00 hr 03 min 10 sec)
Heartbeat CPU 0 instructions: 30000007 cycles: 33128475 heartbeat IPC: 0.855 cumulative IPC: 0.855 (Simulation time: 00 hr 04 min 28 sec)
Simulation finished CPU 0 instructions: 20000000 cycles: 23359664 cumulative IPC: 0.8562 (Simulation time: 00 hr 05 min 47 sec)
Simulation complete CPU 0 instructions: 20000000 cycles: 23359664 cumulative IPC: 0.8562 (Simulation time: 00 hr 05 min 47 sec)

ChampSim completed all CPUs

=== Simulation ===
CPU 0 runs traces/456.hmmer-191B.champsimtrace.xz

Region of Interest Statistics

CPU 0 cumulative IPC: 0.8562 instructions: 20000000 cycles: 23359664
CPU 0 Branch Prediction Accuracy: 99.59% MPKI: 0.1805 Average ROB Occupancy at Mispredict: 191.1
Branch type MPKI
BRANCH_DIRECT_JUMP: 0.00295
BRANCH_INDIRECT: 0.001
BRANCH_CONDITIONAL: 0.1684
BRANCH_DIRECT_CALL: 0.00395
BRANCH_INDIRECT_CALL: 0.00015
BRANCH_RETURN: 0.004

cpu0->LLC TOTAL        ACCESS:     109717 HIT:      54872 MISS:      54845 MISS_MERGE:          0
cpu0->LLC LOAD         ACCESS:       3001 HIT:       1117 MISS:       1884 MISS_MERGE:          0
cpu0->LLC RFO          ACCESS:      53271 HIT:        388 MISS:      52883 MISS_MERGE:          0
cpu0->LLC PREFETCH     ACCESS:          0 HIT:          0 MISS:          0 MISS_MERGE:          0
cpu0->LLC WRITE        ACCESS:      53363 HIT:      53361 MISS:          2 MISS_MERGE:          0
cpu0->LLC TRANSLATION  ACCESS:         82 HIT:          6 MISS:         76 MISS_MERGE:          0
cpu0->LLC PREFETCH REQUESTED:          0 ISSUED:          0 USEFUL:          0 USELESS:          0
cpu0->LLC AVERAGE MISS LATENCY: 185.1 cycles
cpu0->cpu0_DTLB TOTAL        ACCESS:   10684338 HIT:   10679987 MISS:       4351 MISS_MERGE:       3159
cpu0->cpu0_DTLB LOAD         ACCESS:   10684338 HIT:   10679987 MISS:       4351 MISS_MERGE:       3159
cpu0->cpu0_DTLB RFO          ACCESS:          0 HIT:          0 MISS:          0 MISS_MERGE:          0
cpu0->cpu0_DTLB PREFETCH     ACCESS:          0 HIT:          0 MISS:          0 MISS_MERGE:          0
cpu0->cpu0_DTLB WRITE        ACCESS:          0 HIT:          0 MISS:          0 MISS_MERGE:          0
cpu0->cpu0_DTLB TRANSLATION  ACCESS:          0 HIT:          0 MISS:          0 MISS_MERGE:          0
cpu0->cpu0_DTLB PREFETCH REQUESTED:          0 ISSUED:          0 USEFUL:          0 USELESS:          0
cpu0->cpu0_DTLB AVERAGE MISS LATENCY: 80.58 cycles
cpu0->cpu0_ITLB TOTAL        ACCESS:    5309733 HIT:    5309673 MISS:         60 MISS_MERGE:         28
cpu0->cpu0_ITLB LOAD         ACCESS:    5309733 HIT:    5309673 MISS:         60 MISS_MERGE:         28
cpu0->cpu0_ITLB RFO          ACCESS:          0 HIT:          0 MISS:          0 MISS_MERGE:          0
cpu0->cpu0_ITLB PREFETCH     ACCESS:          0 HIT:          0 MISS:          0 MISS_MERGE:          0
cpu0->cpu0_ITLB WRITE        ACCESS:          0 HIT:          0 MISS:          0 MISS_MERGE:          0
cpu0->cpu0_ITLB TRANSLATION  ACCESS:          0 HIT:          0 MISS:          0 MISS_MERGE:          0
cpu0->cpu0_ITLB PREFETCH REQUESTED:          0 ISSUED:          0 USEFUL:          0 USELESS:          0
cpu0->cpu0_ITLB AVERAGE MISS LATENCY: 301.1 cycles
cpu0->cpu0_L1D TOTAL        ACCESS:   10685121 HIT:   10145252 MISS:     539869 MISS_MERGE:     470175
cpu0->cpu0_L1D LOAD         ACCESS:    7872369 HIT:    7852779 MISS:      19590 MISS_MERGE:       3297
cpu0->cpu0_L1D RFO          ACCESS:          0 HIT:          0 MISS:          0 MISS_MERGE:          0
cpu0->cpu0_L1D PREFETCH     ACCESS:          0 HIT:          0 MISS:          0 MISS_MERGE:          0
cpu0->cpu0_L1D WRITE        ACCESS:    2811972 HIT:    2291780 MISS:     520192 MISS_MERGE:     466878
cpu0->cpu0_L1D TRANSLATION  ACCESS:        780 HIT:        693 MISS:         87 MISS_MERGE:          0
cpu0->cpu0_L1D PREFETCH REQUESTED:          0 ISSUED:          0 USEFUL:          0 USELESS:          0
cpu0->cpu0_L1D AVERAGE MISS LATENCY: 163 cycles
cpu0->cpu0_L1I TOTAL        ACCESS:    5342771 HIT:    5342422 MISS:        349 MISS_MERGE:         37
cpu0->cpu0_L1I LOAD         ACCESS:    5342771 HIT:    5342422 MISS:        349 MISS_MERGE:         37
cpu0->cpu0_L1I RFO          ACCESS:          0 HIT:          0 MISS:          0 MISS_MERGE:          0
cpu0->cpu0_L1I PREFETCH     ACCESS:          0 HIT:          0 MISS:          0 MISS_MERGE:          0
cpu0->cpu0_L1I WRITE        ACCESS:          0 HIT:          0 MISS:          0 MISS_MERGE:          0
cpu0->cpu0_L1I TRANSLATION  ACCESS:          0 HIT:          0 MISS:          0 MISS_MERGE:          0
cpu0->cpu0_L1I PREFETCH REQUESTED:          0 ISSUED:          0 USEFUL:          0 USELESS:          0
cpu0->cpu0_L1I AVERAGE MISS LATENCY: 215.1 cycles
cpu0->cpu0_L2C TOTAL        ACCESS:     123280 HIT:      66923 MISS:      56357 MISS_MERGE:          0
cpu0->cpu0_L2C LOAD         ACCESS:      16605 HIT:      13604 MISS:       3001 MISS_MERGE:          0
cpu0->cpu0_L2C RFO          ACCESS:      53314 HIT:         43 MISS:      53271 MISS_MERGE:          0
cpu0->cpu0_L2C PREFETCH     ACCESS:          0 HIT:          0 MISS:          0 MISS_MERGE:          0
cpu0->cpu0_L2C WRITE        ACCESS:      53274 HIT:      53271 MISS:          3 MISS_MERGE:          0
cpu0->cpu0_L2C TRANSLATION  ACCESS:         87 HIT:          5 MISS:         82 MISS_MERGE:          0
cpu0->cpu0_L2C PREFETCH REQUESTED:          0 ISSUED:          0 USEFUL:          0 USELESS:          0
cpu0->cpu0_L2C AVERAGE MISS LATENCY: 193.1 cycles
cpu0->cpu0_STLB TOTAL        ACCESS:       1224 HIT:        835 MISS:        389 MISS_MERGE:          0
cpu0->cpu0_STLB LOAD         ACCESS:       1224 HIT:        835 MISS:        389 MISS_MERGE:          0
cpu0->cpu0_STLB RFO          ACCESS:          0 HIT:          0 MISS:          0 MISS_MERGE:          0
cpu0->cpu0_STLB PREFETCH     ACCESS:          0 HIT:          0 MISS:          0 MISS_MERGE:          0
cpu0->cpu0_STLB WRITE        ACCESS:          0 HIT:          0 MISS:          0 MISS_MERGE:          0
cpu0->cpu0_STLB TRANSLATION  ACCESS:          0 HIT:          0 MISS:          0 MISS_MERGE:          0
cpu0->cpu0_STLB PREFETCH REQUESTED:          0 ISSUED:          0 USEFUL:          0 USELESS:          0
cpu0->cpu0_STLB AVERAGE MISS LATENCY: 258.1 cycles

DRAM Statistics

Channel 0 RQ ROW_BUFFER_HIT:          2
  ROW_BUFFER_MISS:      54841
  AVG DBUS CONGESTED CYCLE: 4.965
Channel 0 WQ ROW_BUFFER_HIT:        805
  ROW_BUFFER_MISS:      52769
  FULL:          0
Channel 0 REFRESHES ISSUED:       1946
