[VMEM] WARNING: physical memory size is smaller than virtual memory size.
WARNING: option --warmup_instructions is deprecated. Use --warmup-instructions instead.
WARNING: option --simulation_instructions is deprecated. Use --simulation-instructions instead.

*** ChampSim Multicore Out-of-Order Simulator ***
Warmup Instructions: 20000000
Simulation Instructions: 50000000
Number of CPUs: 1
Page size: 4096

Off-chip DRAM Size: 16 GiB Channels: 1 Width: 64-bit Data Rate: 3205 MT/s
Heartbeat CPU 0 instructions: 10000001 cycles: 10717607 heartbeat IPC: 0.933 cumulative IPC: 0.933 (Simulation time: 00 hr 01 min 27 sec)
Heartbeat CPU 0 instructions: 20000003 cycles: 21432141 heartbeat IPC: 0.9333 cumulative IPC: 0.9332 (Simulation time: 00 hr 02 min 55 sec)
Warmup finished CPU 0 instructions: 20000003 cycles: 21432141 cumulative IPC: 0.9332 (Simulation time: 00 hr 02 min 55 sec)
Warmup complete CPU 0 instructions: 20000003 cycles: 21432141 cumulative IPC: 0.9332 (Simulation time: 00 hr 02 min 55 sec)
Heartbeat CPU 0 instructions: 30000007 cycles: 33147845 heartbeat IPC: 0.8536 cumulative IPC: 0.8536 (Simulation time: 00 hr 04 min 11 sec)
Heartbeat CPU 0 instructions: 40000007 cycles: 44820481 heartbeat IPC: 0.8567 cumulative IPC: 0.8551 (Simulation time: 00 hr 05 min 26 sec)
Heartbeat CPU 0 instructions: 50000007 cycles: 56498058 heartbeat IPC: 0.8563 cumulative IPC: 0.8555 (Simulation time: 00 hr 06 min 41 sec)
Heartbeat CPU 0 instructions: 60000008 cycles: 68124994 heartbeat IPC: 0.8601 cumulative IPC: 0.8567 (Simulation time: 00 hr 07 min 55 sec)
Simulation finished CPU 0 instructions: 50000003 cycles: 58308609 cumulative IPC: 0.8575 (Simulation time: 00 hr 09 min 09 sec)
Simulation complete CPU 0 instructions: 50000003 cycles: 58308609 cumulative IPC: 0.8575 (Simulation time: 00 hr 09 min 09 sec)

ChampSim completed all CPUs

=== Simulation ===
CPU 0 runs traces/456.hmmer-191B.champsimtrace.xz

Region of Interest Statistics

CPU 0 cumulative IPC: 0.8575 instructions: 50000003 cycles: 58308609
CPU 0 Branch Prediction Accuracy: 99.54% MPKI: 0.2056 Average ROB Occupancy at Mispredict: 180.1
Branch type MPKI
BRANCH_DIRECT_JUMP: 0.00128
BRANCH_INDIRECT: 0.00088
BRANCH_CONDITIONAL: 0.1998
BRANCH_DIRECT_CALL: 0.00166
BRANCH_INDIRECT_CALL: 0.00018
BRANCH_RETURN: 0.00174

cpu0->LLC TOTAL        ACCESS:     265857 HIT:     201468 MISS:      64389 MISS_MERGE:          0
cpu0->LLC LOAD         ACCESS:       7336 HIT:       4656 MISS:       2680 MISS_MERGE:          0
cpu0->LLC RFO          ACCESS:     128646 HIT:      67163 MISS:      61483 MISS_MERGE:          0
cpu0->LLC PREFETCH     ACCESS:          0 HIT:          0 MISS:          0 MISS_MERGE:          0
cpu0->LLC WRITE        ACCESS:     129784 HIT:     129638 MISS:        146 MISS_MERGE:          0
cpu0->LLC TRANSLATION  ACCESS:         91 HIT:         11 MISS:         80 MISS_MERGE:          0
cpu0->LLC PREFETCH REQUESTED:          0 ISSUED:          0 USEFUL:          0 USELESS:          0
cpu0->LLC AVERAGE MISS LATENCY: 182.1 cycles
cpu0->cpu0_DTLB TOTAL        ACCESS:   26679553 HIT:   26671155 MISS:       8398 MISS_MERGE:       4696
cpu0->cpu0_DTLB LOAD         ACCESS:   26679553 HIT:   26671155 MISS:       8398 MISS_MERGE:       4696
cpu0->cpu0_DTLB RFO          ACCESS:          0 HIT:          0 MISS:          0 MISS_MERGE:          0
cpu0->cpu0_DTLB PREFETCH     ACCESS:          0 HIT:          0 MISS:          0 MISS_MERGE:          0
cpu0->cpu0_DTLB WRITE        ACCESS:          0 HIT:          0 MISS:          0 MISS_MERGE:          0
cpu0->cpu0_DTLB TRANSLATION  ACCESS:          0 HIT:          0 MISS:          0 MISS_MERGE:          0
cpu0->cpu0_DTLB PREFETCH REQUESTED:          0 ISSUED:          0 USEFUL:          0 USELESS:          0
cpu0->cpu0_DTLB AVERAGE MISS LATENCY: 29.41 cycles
cpu0->cpu0_ITLB TOTAL        ACCESS:   13907990 HIT:   13907928 MISS:         62 MISS_MERGE:         29
cpu0->cpu0_ITLB LOAD         ACCESS:   13907990 HIT:   13907928 MISS:         62 MISS_MERGE:         29
cpu0->cpu0_ITLB RFO          ACCESS:          0 HIT:          0 MISS:          0 MISS_MERGE:          0
cpu0->cpu0_ITLB PREFETCH     ACCESS:          0 HIT:          0 MISS:          0 MISS_MERGE:          0
cpu0->cpu0_ITLB WRITE        ACCESS:          0 HIT:          0 MISS:          0 MISS_MERGE:          0
cpu0->cpu0_ITLB TRANSLATION  ACCESS:          0 HIT:          0 MISS:          0 MISS_MERGE:          0
cpu0->cpu0_ITLB PREFETCH REQUESTED:          0 ISSUED:          0 USEFUL:          0 USELESS:          0
cpu0->cpu0_ITLB AVERAGE MISS LATENCY: 298.6 cycles
cpu0->cpu0_L1D TOTAL        ACCESS:   26680473 HIT:   25850265 MISS:     830208 MISS_MERGE:     655461
cpu0->cpu0_L1D LOAD         ACCESS:   19657615 HIT:   19611771 MISS:      45844 MISS_MERGE:       4597
cpu0->cpu0_L1D RFO          ACCESS:          0 HIT:          0 MISS:          0 MISS_MERGE:          0
cpu0->cpu0_L1D PREFETCH     ACCESS:          0 HIT:          0 MISS:          0 MISS_MERGE:          0
cpu0->cpu0_L1D WRITE        ACCESS:    7022056 HIT:    6237788 MISS:     784268 MISS_MERGE:     650864
cpu0->cpu0_L1D TRANSLATION  ACCESS:        802 HIT:        706 MISS:         96 MISS_MERGE:          0
cpu0->cpu0_L1D PREFETCH REQUESTED:          0 ISSUED:          0 USEFUL:          0 USELESS:          0
cpu0->cpu0_L1D AVERAGE MISS LATENCY: 84.19 cycles
cpu0->cpu0_L1I TOTAL        ACCESS:   13994268 HIT:   13993911 MISS:        357 MISS_MERGE:         38
cpu0->cpu0_L1I LOAD         ACCESS:   13994268 HIT:   13993911 MISS:        357 MISS_MERGE:         38
cpu0->cpu0_L1I RFO          ACCESS:          0 HIT:          0 MISS:          0 MISS_MERGE:          0
cpu0->cpu0_L1I PREFETCH     ACCESS:          0 HIT:          0 MISS:          0 MISS_MERGE:          0
cpu0->cpu0_L1I WRITE        ACCESS:          0 HIT:          0 MISS:          0 MISS_MERGE:          0
cpu0->cpu0_L1I TRANSLATION  ACCESS:          0 HIT:          0 MISS:          0 MISS_MERGE:          0
cpu0->cpu0_L1I PREFETCH REQUESTED:          0 ISSUED:          0 USEFUL:          0 USELESS:          0
cpu0->cpu0_L1I AVERAGE MISS LATENCY: 218.8 cycles
cpu0->cpu0_L2C TOTAL        ACCESS:     308975 HIT:     172897 MISS:     136078 MISS_MERGE:          0
cpu0->cpu0_L2C LOAD         ACCESS:      41566 HIT:      34230 MISS:       7336 MISS_MERGE:          0
cpu0->cpu0_L2C RFO          ACCESS:     133404 HIT:       4758 MISS:     128646 MISS_MERGE:          0
cpu0->cpu0_L2C PREFETCH     ACCESS:          0 HIT:          0 MISS:          0 MISS_MERGE:          0
cpu0->cpu0_L2C WRITE        ACCESS:     133909 HIT:     133904 MISS:          5 MISS_MERGE:          0
cpu0->cpu0_L2C TRANSLATION  ACCESS:         96 HIT:          5 MISS:         91 MISS_MERGE:          0
cpu0->cpu0_L2C PREFETCH REQUESTED:          0 ISSUED:          0 USEFUL:          0 USELESS:          0
cpu0->cpu0_L2C AVERAGE MISS LATENCY: 98.62 cycles
cpu0->cpu0_STLB TOTAL        ACCESS:       3735 HIT:       3335 MISS:        400 MISS_MERGE:          0
cpu0->cpu0_STLB LOAD         ACCESS:       3735 HIT:       3335 MISS:        400 MISS_MERGE:          0
cpu0->cpu0_STLB RFO          ACCESS:          0 HIT:          0 MISS:          0 MISS_MERGE:          0
cpu0->cpu0_STLB PREFETCH     ACCESS:          0 HIT:          0 MISS:          0 MISS_MERGE:          0
cpu0->cpu0_STLB WRITE        ACCESS:          0 HIT:          0 MISS:          0 MISS_MERGE:          0
cpu0->cpu0_STLB TRANSLATION  ACCESS:          0 HIT:          0 MISS:          0 MISS_MERGE:          0
cpu0->cpu0_STLB PREFETCH REQUESTED:          0 ISSUED:          0 USEFUL:          0 USELESS:          0
cpu0->cpu0_STLB AVERAGE MISS LATENCY: 258.5 cycles

DRAM Statistics

Channel 0 RQ ROW_BUFFER_HIT:          5
  ROW_BUFFER_MISS:      64238
  AVG DBUS CONGESTED CYCLE: 5.463
Channel 0 WQ ROW_BUFFER_HIT:       1003
  ROW_BUFFER_MISS:      61687
  FULL:          0
Channel 0 REFRESHES ISSUED:       4859
