[VMEM] WARNING: physical memory size is smaller than virtual memory size.
WARNING: option --warmup_instructions is deprecated. Use --warmup-instructions instead.
WARNING: option --simulation_instructions is deprecated. Use --simulation-instructions instead.

*** ChampSim Multicore Out-of-Order Simulator ***
Warmup Instructions: 20000000
Simulation Instructions: 50000000
Number of CPUs: 1
Page size: 4096

Off-chip DRAM Size: 16 GiB Channels: 1 Width: 64-bit Data Rate: 3205 MT/s
Heartbeat CPU 0 instructions: 10000001 cycles: 10717467 heartbeat IPC: 0.9331 cumulative IPC: 0.9331 (Simulation time: 00 hr 01 min 37 sec)
Heartbeat CPU 0 instructions: 20000003 cycles: 21431981 heartbeat IPC: 0.9333 cumulative IPC: 0.9332 (Simulation time: 00 hr 03 min 11 sec)
Warmup finished CPU 0 instructions: 20000003 cycles: 21431981 cumulative IPC: 0.9332 (Simulation time: 00 hr 03 min 11 sec)
Warmup complete CPU 0 instructions: 20000003 cycles: 21431981 cumulative IPC: 0.9332 (Simulation time: 00 hr 03 min 11 sec)
Heartbeat CPU 0 instructions: 30000007 cycles: 33137762 heartbeat IPC: 0.8543 cumulative IPC: 0.8543 (Simulation time: 00 hr 04 min 35 sec)
Heartbeat CPU 0 instructions: 40000007 cycles: 44808978 heartbeat IPC: 0.8568 cumulative IPC: 0.8555 (Simulation time: 00 hr 05 min 55 sec)
Heartbeat CPU 0 instructions: 50000007 cycles: 56498058 heartbeat IPC: 0.8555 cumulative IPC: 0.8555 (Simulation time: 00 hr 07 min 13 sec)
Heartbeat CPU 0 instructions: 60000008 cycles: 68126451 heartbeat IPC: 0.86 cumulative IPC: 0.8566 (Simulation time: 00 hr 08 min 32 sec)
Simulation finished CPU 0 instructions: 50000003 cycles: 58315612 cumulative IPC: 0.8574 (Simulation time: 00 hr 09 min 50 sec)
Simulation complete CPU 0 instructions: 50000003 cycles: 58315612 cumulative IPC: 0.8574 (Simulation time: 00 hr 09 min 50 sec)

ChampSim completed all CPUs

=== Simulation ===
CPU 0 runs traces/456.hmmer-191B.champsimtrace.xz

Region of Interest Statistics

CPU 0 cumulative IPC: 0.8574 instructions: 50000003 cycles: 58315612
CPU 0 Branch Prediction Accuracy: 99.54% MPKI: 0.2056 Average ROB Occupancy at Mispredict: 180.1
Branch type MPKI
BRANCH_DIRECT_JUMP: 0.00128
BRANCH_INDIRECT: 0.00088
BRANCH_CONDITIONAL: 0.1998
BRANCH_DIRECT_CALL: 0.00166
BRANCH_INDIRECT_CALL: 0.00018
BRANCH_RETURN: 0.00174

cpu0->LLC TOTAL        ACCESS:     265799 HIT:     196197 MISS:      69602 MISS_MERGE:          0
cpu0->LLC LOAD         ACCESS:       7333 HIT:       4633 MISS:       2700 MISS_MERGE:          0
cpu0->LLC RFO          ACCESS:     128619 HIT:      65920 MISS:      62699 MISS_MERGE:          0
cpu0->LLC PREFETCH     ACCESS:          0 HIT:          0 MISS:          0 MISS_MERGE:          0
cpu0->LLC WRITE        ACCESS:     129756 HIT:     125636 MISS:       4120 MISS_MERGE:          0
cpu0->LLC TRANSLATION  ACCESS:         91 HIT:          8 MISS:         83 MISS_MERGE:          0
cpu0->LLC PREFETCH REQUESTED:          0 ISSUED:          0 USEFUL:          0 USELESS:          0
cpu0->LLC AVERAGE MISS LATENCY: 171.5 cycles
cpu0->cpu0_DTLB TOTAL        ACCESS:   26679540 HIT:   26671129 MISS:       8411 MISS_MERGE:       4707
cpu0->cpu0_DTLB LOAD         ACCESS:   26679540 HIT:   26671129 MISS:       8411 MISS_MERGE:       4707
cpu0->cpu0_DTLB RFO          ACCESS:          0 HIT:          0 MISS:          0 MISS_MERGE:          0
cpu0->cpu0_DTLB PREFETCH     ACCESS:          0 HIT:          0 MISS:          0 MISS_MERGE:          0
cpu0->cpu0_DTLB WRITE        ACCESS:          0 HIT:          0 MISS:          0 MISS_MERGE:          0
cpu0->cpu0_DTLB TRANSLATION  ACCESS:          0 HIT:          0 MISS:          0 MISS_MERGE:          0
cpu0->cpu0_DTLB PREFETCH REQUESTED:          0 ISSUED:          0 USEFUL:          0 USELESS:          0
cpu0->cpu0_DTLB AVERAGE MISS LATENCY: 29.45 cycles
cpu0->cpu0_ITLB TOTAL        ACCESS:   13904820 HIT:   13904758 MISS:         62 MISS_MERGE:         29
cpu0->cpu0_ITLB LOAD         ACCESS:   13904820 HIT:   13904758 MISS:         62 MISS_MERGE:         29
cpu0->cpu0_ITLB RFO          ACCESS:          0 HIT:          0 MISS:          0 MISS_MERGE:          0
cpu0->cpu0_ITLB PREFETCH     ACCESS:          0 HIT:          0 MISS:          0 MISS_MERGE:          0
cpu0->cpu0_ITLB WRITE        ACCESS:          0 HIT:          0 MISS:          0 MISS_MERGE:          0
cpu0->cpu0_ITLB TRANSLATION  ACCESS:          0 HIT:          0 MISS:          0 MISS_MERGE:          0
cpu0->cpu0_ITLB PREFETCH REQUESTED:          0 ISSUED:          0 USEFUL:          0 USELESS:          0
cpu0->cpu0_ITLB AVERAGE MISS LATENCY: 297.9 cycles
cpu0->cpu0_L1D TOTAL        ACCESS:   26680460 HIT:   25845733 MISS:     834727 MISS_MERGE:     659976
cpu0->cpu0_L1D LOAD         ACCESS:   19657602 HIT:   19611889 MISS:      45713 MISS_MERGE:       4462
cpu0->cpu0_L1D RFO          ACCESS:          0 HIT:          0 MISS:          0 MISS_MERGE:          0
cpu0->cpu0_L1D PREFETCH     ACCESS:          0 HIT:          0 MISS:          0 MISS_MERGE:          0
cpu0->cpu0_L1D WRITE        ACCESS:    7022056 HIT:    6233139 MISS:     788917 MISS_MERGE:     655513
cpu0->cpu0_L1D TRANSLATION  ACCESS:        802 HIT:        705 MISS:         97 MISS_MERGE:          1
cpu0->cpu0_L1D PREFETCH REQUESTED:          0 ISSUED:          0 USEFUL:          0 USELESS:          0
cpu0->cpu0_L1D AVERAGE MISS LATENCY: 85.24 cycles
cpu0->cpu0_L1I TOTAL        ACCESS:   13991340 HIT:   13990984 MISS:        356 MISS_MERGE:         37
cpu0->cpu0_L1I LOAD         ACCESS:   13991340 HIT:   13990984 MISS:        356 MISS_MERGE:         37
cpu0->cpu0_L1I RFO          ACCESS:          0 HIT:          0 MISS:          0 MISS_MERGE:          0
cpu0->cpu0_L1I PREFETCH     ACCESS:          0 HIT:          0 MISS:          0 MISS_MERGE:          0
cpu0->cpu0_L1I WRITE        ACCESS:          0 HIT:          0 MISS:          0 MISS_MERGE:          0
cpu0->cpu0_L1I TRANSLATION  ACCESS:          0 HIT:          0 MISS:          0 MISS_MERGE:          0
cpu0->cpu0_L1I PREFETCH REQUESTED:          0 ISSUED:          0 USEFUL:          0 USELESS:          0
cpu0->cpu0_L1I AVERAGE MISS LATENCY: 214.4 cycles
cpu0->cpu0_L2C TOTAL        ACCESS:     308978 HIT:     172931 MISS:     136047 MISS_MERGE:          0
cpu0->cpu0_L2C LOAD         ACCESS:      41570 HIT:      34237 MISS:       7333 MISS_MERGE:          0
cpu0->cpu0_L2C RFO          ACCESS:     133404 HIT:       4785 MISS:     128619 MISS_MERGE:          0
cpu0->cpu0_L2C PREFETCH     ACCESS:          0 HIT:          0 MISS:          0 MISS_MERGE:          0
cpu0->cpu0_L2C WRITE        ACCESS:     133908 HIT:     133904 MISS:          4 MISS_MERGE:          0
cpu0->cpu0_L2C TRANSLATION  ACCESS:         96 HIT:          5 MISS:         91 MISS_MERGE:          0
cpu0->cpu0_L2C PREFETCH REQUESTED:          0 ISSUED:          0 USEFUL:          0 USELESS:          0
cpu0->cpu0_L2C AVERAGE MISS LATENCY: 99.99 cycles
cpu0->cpu0_STLB TOTAL        ACCESS:       3737 HIT:       3337 MISS:        400 MISS_MERGE:          0
cpu0->cpu0_STLB LOAD         ACCESS:       3737 HIT:       3337 MISS:        400 MISS_MERGE:          0
cpu0->cpu0_STLB RFO          ACCESS:          0 HIT:          0 MISS:          0 MISS_MERGE:          0
cpu0->cpu0_STLB PREFETCH     ACCESS:          0 HIT:          0 MISS:          0 MISS_MERGE:          0
cpu0->cpu0_STLB WRITE        ACCESS:          0 HIT:          0 MISS:          0 MISS_MERGE:          0
cpu0->cpu0_STLB TRANSLATION  ACCESS:          0 HIT:          0 MISS:          0 MISS_MERGE:          0
cpu0->cpu0_STLB PREFETCH REQUESTED:          0 ISSUED:          0 USEFUL:          0 USELESS:          0
cpu0->cpu0_STLB AVERAGE MISS LATENCY: 258.9 cycles

DRAM Statistics

Channel 0 RQ ROW_BUFFER_HIT:          3
  ROW_BUFFER_MISS:      65477
  AVG DBUS CONGESTED CYCLE: 6.096
Channel 0 WQ ROW_BUFFER_HIT:       1147
  ROW_BUFFER_MISS:      62612
  FULL:          0
Channel 0 REFRESHES ISSUED:       4860
