[VMEM] WARNING: physical memory size is smaller than virtual memory size.
WARNING: option --warmup_instructions is deprecated. Use --warmup-instructions instead.
WARNING: option --simulation_instructions is deprecated. Use --simulation-instructions instead.

*** ChampSim Multicore Out-of-Order Simulator ***
Warmup Instructions: 20000000
Simulation Instructions: 50000000
Number of CPUs: 1
Page size: 4096

Off-chip DRAM Size: 16 GiB Channels: 1 Width: 64-bit Data Rate: 3205 MT/s
Heartbeat CPU 0 instructions: 10000001 cycles: 10765102 heartbeat IPC: 0.9289 cumulative IPC: 0.9289 (Simulation time: 00 hr 01 min 31 sec)
Heartbeat CPU 0 instructions: 20000001 cycles: 21790974 heartbeat IPC: 0.907 cumulative IPC: 0.9178 (Simulation time: 00 hr 02 min 57 sec)
Warmup finished CPU 0 instructions: 20000001 cycles: 21790974 cumulative IPC: 0.9178 (Simulation time: 00 hr 02 min 57 sec)
Warmup complete CPU 0 instructions: 20000001 cycles: 21790974 cumulative IPC: 0.9178 (Simulation time: 00 hr 02 min 57 sec)
Heartbeat CPU 0 instructions: 30000001 cycles: 43146338 heartbeat IPC: 0.4683 cumulative IPC: 0.4683 (Simulation time: 00 hr 04 min 53 sec)
Heartbeat CPU 0 instructions: 40000003 cycles: 65572732 heartbeat IPC: 0.4459 cumulative IPC: 0.4568 (Simulation time: 00 hr 06 min 50 sec)
Heartbeat CPU 0 instructions: 50000007 cycles: 92589462 heartbeat IPC: 0.3701 cumulative IPC: 0.4237 (Simulation time: 00 hr 09 min 15 sec)
Heartbeat CPU 0 instructions: 60000007 cycles: 127830631 heartbeat IPC: 0.2838 cumulative IPC: 0.3772 (Simulation time: 00 hr 12 min 05 sec)
Simulation finished CPU 0 instructions: 50000002 cycles: 133575427 cumulative IPC: 0.3743 (Simulation time: 00 hr 14 min 18 sec)
Simulation complete CPU 0 instructions: 50000002 cycles: 133575427 cumulative IPC: 0.3743 (Simulation time: 00 hr 14 min 18 sec)

ChampSim completed all CPUs

=== Simulation ===
CPU 0 runs traces/429.mcf-22B.champsimtrace.xz

Region of Interest Statistics

CPU 0 cumulative IPC: 0.3743 instructions: 50000002 cycles: 133575427
CPU 0 Branch Prediction Accuracy: 98.75% MPKI: 1.081 Average ROB Occupancy at Mispredict: 153.4
Branch type MPKI
BRANCH_DIRECT_JUMP: 0
BRANCH_INDIRECT: 0
BRANCH_CONDITIONAL: 1.081
BRANCH_DIRECT_CALL: 0
BRANCH_INDIRECT_CALL: 0
BRANCH_RETURN: 0

cpu0->LLC TOTAL        ACCESS:    1943749 HIT:     541211 MISS:    1402538 MISS_MERGE:          1
cpu0->LLC LOAD         ACCESS:    1210193 HIT:      33080 MISS:    1177113 MISS_MERGE:          1
cpu0->LLC RFO          ACCESS:          9 HIT:          0 MISS:          9 MISS_MERGE:          0
cpu0->LLC PREFETCH     ACCESS:          0 HIT:          0 MISS:          0 MISS_MERGE:          0
cpu0->LLC WRITE        ACCESS:     660820 HIT:     500528 MISS:     160292 MISS_MERGE:          0
cpu0->LLC TRANSLATION  ACCESS:      72727 HIT:       7603 MISS:      65124 MISS_MERGE:          0
cpu0->LLC PREFETCH REQUESTED:          0 ISSUED:          0 USEFUL:          0 USELESS:          0
cpu0->LLC AVERAGE MISS LATENCY: 186.3 cycles
cpu0->cpu0_DTLB TOTAL        ACCESS:   24686910 HIT:   23743897 MISS:     943013 MISS_MERGE:     712329
cpu0->cpu0_DTLB LOAD         ACCESS:   24686910 HIT:   23743897 MISS:     943013 MISS_MERGE:     712329
cpu0->cpu0_DTLB RFO          ACCESS:          0 HIT:          0 MISS:          0 MISS_MERGE:          0
cpu0->cpu0_DTLB PREFETCH     ACCESS:          0 HIT:          0 MISS:          0 MISS_MERGE:          0
cpu0->cpu0_DTLB WRITE        ACCESS:          0 HIT:          0 MISS:          0 MISS_MERGE:          0
cpu0->cpu0_DTLB TRANSLATION  ACCESS:          0 HIT:          0 MISS:          0 MISS_MERGE:          0
cpu0->cpu0_DTLB PREFETCH REQUESTED:          0 ISSUED:          0 USEFUL:          0 USELESS:          0
cpu0->cpu0_DTLB AVERAGE MISS LATENCY: 165.6 cycles
cpu0->cpu0_ITLB TOTAL        ACCESS:    7499394 HIT:    7499394 MISS:          0 MISS_MERGE:          0
cpu0->cpu0_ITLB LOAD         ACCESS:    7499394 HIT:    7499394 MISS:          0 MISS_MERGE:          0
cpu0->cpu0_ITLB RFO          ACCESS:          0 HIT:          0 MISS:          0 MISS_MERGE:          0
cpu0->cpu0_ITLB PREFETCH     ACCESS:          0 HIT:          0 MISS:          0 MISS_MERGE:          0
cpu0->cpu0_ITLB WRITE        ACCESS:          0 HIT:          0 MISS:          0 MISS_MERGE:          0
cpu0->cpu0_ITLB TRANSLATION  ACCESS:          0 HIT:          0 MISS:          0 MISS_MERGE:          0
cpu0->cpu0_ITLB PREFETCH REQUESTED:          0 ISSUED:          0 USEFUL:          0 USELESS:          0
cpu0->cpu0_ITLB AVERAGE MISS LATENCY: - cycles
cpu0->cpu0_L1D TOTAL        ACCESS:   25016794 HIT:   22117541 MISS:    2899253 MISS_MERGE:    1593438
cpu0->cpu0_L1D LOAD         ACCESS:   12183088 HIT:    9364869 MISS:    2818219 MISS_MERGE:    1591089
cpu0->cpu0_L1D RFO          ACCESS:          0 HIT:          0 MISS:          0 MISS_MERGE:          0
cpu0->cpu0_L1D PREFETCH     ACCESS:          0 HIT:          0 MISS:          0 MISS_MERGE:          0
cpu0->cpu0_L1D WRITE        ACCESS:   12504391 HIT:   12502562 MISS:       1829 MISS_MERGE:        913
cpu0->cpu0_L1D TRANSLATION  ACCESS:     329315 HIT:     250110 MISS:      79205 MISS_MERGE:       1436
cpu0->cpu0_L1D PREFETCH REQUESTED:          0 ISSUED:          0 USEFUL:          0 USELESS:          0
cpu0->cpu0_L1D AVERAGE MISS LATENCY: 219.9 cycles
cpu0->cpu0_L1I TOTAL        ACCESS:    7499394 HIT:    7499394 MISS:          0 MISS_MERGE:          0
cpu0->cpu0_L1I LOAD         ACCESS:    7499394 HIT:    7499394 MISS:          0 MISS_MERGE:          0
cpu0->cpu0_L1I RFO          ACCESS:          0 HIT:          0 MISS:          0 MISS_MERGE:          0
cpu0->cpu0_L1I PREFETCH     ACCESS:          0 HIT:          0 MISS:          0 MISS_MERGE:          0
cpu0->cpu0_L1I WRITE        ACCESS:          0 HIT:          0 MISS:          0 MISS_MERGE:          0
cpu0->cpu0_L1I TRANSLATION  ACCESS:          0 HIT:          0 MISS:          0 MISS_MERGE:          0
cpu0->cpu0_L1I PREFETCH REQUESTED:          0 ISSUED:          0 USEFUL:          0 USELESS:          0
cpu0->cpu0_L1I AVERAGE MISS LATENCY: - cycles
cpu0->cpu0_L2C TOTAL        ACCESS:    1980581 HIT:     696505 MISS:    1284076 MISS_MERGE:          0
cpu0->cpu0_L2C LOAD         ACCESS:    1227130 HIT:      16937 MISS:    1210193 MISS_MERGE:          0
cpu0->cpu0_L2C RFO          ACCESS:        916 HIT:        907 MISS:          9 MISS_MERGE:          0
cpu0->cpu0_L2C PREFETCH     ACCESS:          0 HIT:          0 MISS:          0 MISS_MERGE:          0
cpu0->cpu0_L2C WRITE        ACCESS:     674766 HIT:     673619 MISS:       1147 MISS_MERGE:          0
cpu0->cpu0_L2C TRANSLATION  ACCESS:      77769 HIT:       5042 MISS:      72727 MISS_MERGE:          0
cpu0->cpu0_L2C PREFETCH REQUESTED:          0 ISSUED:          0 USEFUL:          0 USELESS:          0
cpu0->cpu0_L2C AVERAGE MISS LATENCY: 215.5 cycles
cpu0->cpu0_STLB TOTAL        ACCESS:     230684 HIT:      71886 MISS:     158798 MISS_MERGE:          0
cpu0->cpu0_STLB LOAD         ACCESS:     230684 HIT:      71886 MISS:     158798 MISS_MERGE:          0
cpu0->cpu0_STLB RFO          ACCESS:          0 HIT:          0 MISS:          0 MISS_MERGE:          0
cpu0->cpu0_STLB PREFETCH     ACCESS:          0 HIT:          0 MISS:          0 MISS_MERGE:          0
cpu0->cpu0_STLB WRITE        ACCESS:          0 HIT:          0 MISS:          0 MISS_MERGE:          0
cpu0->cpu0_STLB TRANSLATION  ACCESS:          0 HIT:          0 MISS:          0 MISS_MERGE:          0
cpu0->cpu0_STLB PREFETCH REQUESTED:          0 ISSUED:          0 USEFUL:          0 USELESS:          0
cpu0->cpu0_STLB AVERAGE MISS LATENCY: 233.8 cycles

DRAM Statistics

Channel 0 RQ ROW_BUFFER_HIT:       1951
  ROW_BUFFER_MISS:    1240271
  AVG DBUS CONGESTED CYCLE: 10.15
Channel 0 WQ ROW_BUFFER_HIT:     178455
  ROW_BUFFER_MISS:     468349
  FULL:          0
Channel 0 REFRESHES ISSUED:      11132
